badPwdCount        : 0
sAMAccountName     : VPTB

badPwdCount        : 0
sAMAccountName     : VPTA

badPwdCount        : 0
sAMAccountName     : VMNI

sAMAccountName     : ETTT

sAMAccountName     : testuser

badPwdCount        : 0
sAMAccountName     : ENTH

badPwdCount        : 0
sAMAccountName     : ENNR

badPwdCount        : 0
sAMAccountName     : ESJX

badPwdCount        : 0
sAMAccountName     : EMAA

badPwdCount        : 0
sAMAccountName     : MCPW

badPwdCount        : 0
sAMAccountName     : MNAR

badPwdCount        : 0
sAMAccountName     : MSMK

badPwdCount        : 0
sAMAccountName     : MLMY

badPwdCount        : 0
sAMAccountName     : MLMX

badPwdCount        : 0
sAMAccountName     : MEEF

badPwdCount        : 0
sAMAccountName     : MSPS

badPwdCount        : 0
sAMAccountName     : ACBK

sAMAccountName     : ATAR

badPwdCount        : 0
sAMAccountName     : APPS

badPwdCount        : 0
sAMAccountName     : ALSY

badPwdCount        : 0
sAMAccountName     : ABCX

sAMAccountName     : ABUX

sAMAccountName     : ACCW

badPwdCount        : 0
sAMAccountName     : BLWK

badPwdCount        : 0
sAMAccountName     : BSSP

badPwdCount        : 0
sAMAccountName     : BLAT

badPwdCount        : 0
sAMAccountName     : BGPS

badPwdCount        : 0
sAMAccountName     : BTSF

badPwdCount        : 0
sAMAccountName     : CLPK

badPwdCount        : 0
sAMAccountName     : CSCM

badPwdCount        : 0
sAMAccountName     : CLLF

badPwdCount        : 0
sAMAccountName     : CSNS

badPwdCount        : 0
sAMAccountName     : CABJ

badPwdCount        : 0
sAMAccountName     : CTHL

badPwdCount        : 0
sAMAccountName     : CNAS

badPwdCount        : 0
sAMAccountName     : ALAL

badPwdCount        : 0
sAMAccountName     : ACYC

badPwdCount        : 0
sAMAccountName     : ALCZ

badPwdCount        : 0
sAMAccountName     : AYCH

badPwdCount        : 0
sAMAccountName     : ANJJ

badPwdCount        : 0
sAMAccountName     : ATWK

badPwdCount        : 0
sAMAccountName     : ALMC

badPwdCount        : 0
sAMAccountName     : ASLA

badPwdCount        : 0
sAMAccountName     : ACCM

badPwdCount        : 0
sAMAccountName     : AHXH

badPwdCount        : 0
sAMAccountName     : AGCI

badPwdCount        : 0
sAMAccountName     : KSURAYUD

badPwdCount        : 0
sAMAccountName     : ACJL

badPwdCount        : 0
sAMAccountName     : BKANET

badPwdCount        : 0
sAMAccountName     : ACKL

sAMAccountName     : BBBROOM4703

sAMAccountName     : BBBROOM4603

sAMAccountName     : BBBROOM4602

sAMAccountName     : BBBROOM4601

sAMAccountName     : BBBROOM4506

sAMAccountName     : BBBROOM4505

sAMAccountName     : BBBROOM4504

sAMAccountName     : BBBROOM4503

sAMAccountName     : BBBROOM4502

sAMAccountName     : BBBROOM4501

sAMAccountName     : BBBEXECROOM

sAMAccountName     : BBBROOM4702

sAMAccountName     : BBBROOM4701

sAMAccountName     : BBBTRAINROOM1

sAMAccountName     : BBBTRAINROOM2

badPwdCount        : 0
sAMAccountName     : ASWY

badPwdCount        : 0
sAMAccountName     : AFEL

badPwdCount        : 0
sAMAccountName     : ACKW

badPwdCount        : 0
sAMAccountName     : AKTM

badPwdCount        : 0
sAMAccountName     : ATCY

badPwdCount        : 0
sAMAccountName     : AKJW

badPwdCount        : 0
sAMAccountName     : AMMN

badPwdCount        : 0
sAMAccountName     : ASEP

badPwdCount        : 0
sAMAccountName     : ASZN

badPwdCount        : 0
sAMAccountName     : AKKW

badPwdCount        : 0
sAMAccountName     : ANQH

badPwdCount        : 0
sAMAccountName     : AEDK

badPwdCount        : 0
sAMAccountName     : ALBX

badPwdCount        : 0
sAMAccountName     : ALSL

badPwdCount        : 0
sAMAccountName     : AFMX

badPwdCount        : 0
sAMAccountName     : AASA

badPwdCount        : 0
sAMAccountName     : ARZA

badPwdCount        : 0
sAMAccountName     : ALML

badPwdCount        : 0
sAMAccountName     : AFYN

badPwdCount        : 0
sAMAccountName     : ALYZ

badPwdCount        : 0
sAMAccountName     : ATKK

badPwdCount        : 0
sAMAccountName     : ALKF

badPwdCount        : 0
sAMAccountName     : AMBH

badPwdCount        : 0
sAMAccountName     : ALCY

badPwdCount        : 0
sAMAccountName     : AAFA

badPwdCount        : 0
sAMAccountName     : ATJC

badPwdCount        : 0
sAMAccountName     : AGWH

badPwdCount        : 0
sAMAccountName     : AMFB

badPwdCount        : 0
sAMAccountName     : ACLS

badPwdCount        : 0
sAMAccountName     : ASMA

badPwdCount        : 0
sAMAccountName     : AKIZ

badPwdCount        : 0
sAMAccountName     : ASMV

badPwdCount        : 0
sAMAccountName     : AFNS

badPwdCount        : 0
sAMAccountName     : ACYT

badPwdCount        : 0
sAMAccountName     : AYPH

badPwdCount        : 0
sAMAccountName     : ALBM

badPwdCount        : 0
sAMAccountName     : ATJF

badPwdCount        : 0
sAMAccountName     : ASBT

badPwdCount        : 0
sAMAccountName     : ALYY

badPwdCount        : 0
sAMAccountName     : ANBA

badPwdCount        : 0
sAMAccountName     : ALMY

badPwdCount        : 0
sAMAccountName     : ASYW

badPwdCount        : 0
sAMAccountName     : ACHN

badPwdCount        : 0
sAMAccountName     : AAQB

badPwdCount        : 0
sAMAccountName     : AMSX

badPwdCount        : 0
sAMAccountName     : ATHZ

badPwdCount        : 0
sAMAccountName     : AKPY

badPwdCount        : 0
sAMAccountName     : AWXH

badPwdCount        : 0
sAMAccountName     : ACKM

badPwdCount        : 0
sAMAccountName     : AYWZ

badPwdCount        : 0
sAMAccountName     : ALGW

badPwdCount        : 0
sAMAccountName     : ACPY

badPwdCount        : 0
sAMAccountName     : AWSM

badPwdCount        : 0
sAMAccountName     : ATKW

badPwdCount        : 0
sAMAccountName     : AKLC

badPwdCount        : 0
sAMAccountName     : ALSN

badPwdCount        : 0
sAMAccountName     : ACKX

badPwdCount        : 0
sAMAccountName     : ATWC

badPwdCount        : 0
sAMAccountName     : ALAY

badPwdCount        : 0
sAMAccountName     : ADIN

badPwdCount        : 0
sAMAccountName     : ALST

badPwdCount        : 0
sAMAccountName     : ALPM

badPwdCount        : 0
sAMAccountName     : AFAR

badPwdCount        : 0
sAMAccountName     : ACCY

sAMAccountName     : ANTP

badPwdCount        : 0
sAMAccountName     : AHVT

badPwdCount        : 0
sAMAccountName     : AQSL

badPwdCount        : 0
sAMAccountName     : AAAX

badPwdCount        : 0
sAMAccountName     : ALTI

badPwdCount        : 0
sAMAccountName     : ACWH

badPwdCount        : 0
sAMAccountName     : ACCH

badPwdCount        : 0
sAMAccountName     : ACTY

badPwdCount        : 0
sAMAccountName     : AKWM

badPwdCount        : 0
sAMAccountName     : ANSH

badPwdCount        : 0
sAMAccountName     : AWAZ

badPwdCount        : 0
sAMAccountName     : AKMY

badPwdCount        : 0
sAMAccountName     : AMJY

badPwdCount        : 0
sAMAccountName     : AOSL

badPwdCount        : 0
sAMAccountName     : ALLL

badPwdCount        : 0
sAMAccountName     : ANHY

badPwdCount        : 0
sAMAccountName     : ARUM

badPwdCount        : 0
sAMAccountName     : ALHY

badPwdCount        : 0
sAMAccountName     : AKNK

badPwdCount        : 0
sAMAccountName     : ATCS

badPwdCount        : 0
sAMAccountName     : ALCM

badPwdCount        : 0
sAMAccountName     : ASNR

badPwdCount        : 0
sAMAccountName     : ALTX

badPwdCount        : 0
sAMAccountName     : APMC

badPwdCount        : 0
sAMAccountName     : ALCX

badPwdCount        : 0
sAMAccountName     : AYCX

badPwdCount        : 0
sAMAccountName     : ASTL

badPwdCount        : 0
sAMAccountName     : ASMH

badPwdCount        : 0
sAMAccountName     : ATYM

badPwdCount        : 0
sAMAccountName     : AGCK

badPwdCount        : 0
sAMAccountName     : ALWJ

badPwdCount        : 0
sAMAccountName     : ATAM

badPwdCount        : 0
sAMAccountName     : ASAJ

badPwdCount        : 0
sAMAccountName     : ALHF

badPwdCount        : 0
sAMAccountName     : AABI

sAMAccountName     : AJOB

badPwdCount        : 0
sAMAccountName     : ACPC

badPwdCount        : 0
sAMAccountName     : ADMC

badPwdCount        : 0
sAMAccountName     : ALGP

badPwdCount        : 0
sAMAccountName     : ATKE

badPwdCount        : 0
sAMAccountName     : AGKG

badPwdCount        : 0
sAMAccountName     : AGSB

badPwdCount        : 0
sAMAccountName     : AMFJ

badPwdCount        : 0
sAMAccountName     : ANAM

badPwdCount        : 0
sAMAccountName     : ASBI

badPwdCount        : 0
sAMAccountName     : AAMA

badPwdCount        : 0
sAMAccountName     : AMNA

badPwdCount        : 0
sAMAccountName     : ANHX

badPwdCount        : 0
sAMAccountName     : ACPT

badPwdCount        : 0
sAMAccountName     : AMAA

badPwdCount        : 0
sAMAccountName     : ANKL

badPwdCount        : 0
sAMAccountName     : ANKH

badPwdCount        : 0
sAMAccountName     : AAAM

badPwdCount        : 0
sAMAccountName     : AFAH

badPwdCount        : 0
sAMAccountName     : ACSM

badPwdCount        : 0
sAMAccountName     : ARPA

badPwdCount        : 0
sAMAccountName     : ARPB

badPwdCount        : 0
sAMAccountName     : ASSS

badPwdCount        : 0
sAMAccountName     : ASAX

badPwdCount        : 0
sAMAccountName     : ADSS

badPwdCount        : 0
sAMAccountName     : ANSA

badPwdCount        : 0
sAMAccountName     : acsy

badPwdCount        : 0
sAMAccountName     : AFAM

badPwdCount        : 0
sAMAccountName     : AYSL

badPwdCount        : 0
sAMAccountName     : ASSB

badPwdCount        : 0
sAMAccountName     : AMPX

badPwdCount        : 0
sAMAccountName     : ANAW

badPwdCount        : 0
sAMAccountName     : AYYK

badPwdCount        : 0
sAMAccountName     : ACYI

badPwdCount        : 0
sAMAccountName     : ASNB

badPwdCount        : 0
sAMAccountName     : ACHC

badPwdCount        : 0
sAMAccountName     : AIBJ

badPwdCount        : 0
sAMAccountName     : ARMX

badPwdCount        : 0
sAMAccountName     : ANSX

badPwdCount        : 0
sAMAccountName     : AWMM

badPwdCount        : 0
sAMAccountName     : ANHA

badPwdCount        : 0
sAMAccountName     : AMFM

badPwdCount        : 0
sAMAccountName     : ANMF

badPwdCount        : 0
sAMAccountName     : AAYY

badPwdCount        : 0
sAMAccountName     : ALPS

badPwdCount        : 0
sAMAccountName     : ACMA

badPwdCount        : 0
sAMAccountName     : AKSM

badPwdCount        : 0
sAMAccountName     : AYSY

badPwdCount        : 0
sAMAccountName     : ATBZ

badPwdCount        : 0
sAMAccountName     : AYGM

badPwdCount        : 0
sAMAccountName     : ALEC

sAMAccountName     : edppam

badPwdCount        : 0
sAMAccountName     : AZSZ

badPwdCount        : 0
sAMAccountName     : ANYL

badPwdCount        : 0
sAMAccountName     : ALBK

badPwdCount        : 0
sAMAccountName     : AYWX

badPwdCount        : 0
sAMAccountName     : AZZZ

badPwdCount        : 0
sAMAccountName     : ACWP

badPwdCount        : 0
sAMAccountName     : ACHS

badPwdCount        : 0
sAMAccountName     : ANSY

badPwdCount        : 0
sAMAccountName     : DNAM

badPwdCount        : 0
sAMAccountName     : DLMH

badPwdCount        : 0
sAMAccountName     : DYCS

badPwdCount        : 0
sAMAccountName     : DTCC

badPwdCount        : 0
sAMAccountName     : DTEJ

sAMAccountName     : TestReplicationUser

sAMAccountName     : TTEERAPON

sAMAccountName     : chsurapong

badPwdCount        : 0
sAMAccountName     : WDHIVAKORN

sAMAccountName     : WNUTTAPONG

sAMAccountName     : SNARUPHON

sAMAccountName     : bbbmcafee

badPwdCount        : 0
sAMAccountName     : AdminACMA

badPwdCount        : 0
sAMAccountName     : adminaysy

badPwdCount        : 0
sAMAccountName     : adminalec

badPwdCount        : 0
sAMAccountName     : adminanmf

badPwdCount        : 0
sAMAccountName     : AdminAAYY

badPwdCount        : 108
sAMAccountName     : BBBAdmin

badPwdCount        : 0
sAMAccountName     : adminaygm

sAMAccountName     : BBBSVCSCCM01

sAMAccountName     : backupexecservice01

sAMAccountName     : bbbremote

sAMAccountName     : bbblog

sAMAccountName     : AdminExch2010

sAMAccountName     : miosadmin

sAMAccountName     : scannersvcobb

badPwdCount        : 0
sAMAccountName     : pamuser

sAMAccountName     : bbbsvcotp

sAMAccountName     : BBBDHCPSVC

badPwdCount        : 0
sAMAccountName     : backupexecservice

sAMAccountName     : sysadmin2

sAMAccountName     : sysadmin

sAMAccountName     : zest

sAMAccountName     : CCRISMaker

sAMAccountName     : CCRISChecker

sAMAccountName     : MCDMadmin

sAMAccountName     : mcdmldapbind

badPwdCount        : 0
sAMAccountName     : spadmin2

sAMAccountName     : nacadmin

sAMAccountName     : SCANNERSVC

badPwdCount        : 0
sAMAccountName     : BBBFSSVC

sAMAccountName     : adminapp

sAMAccountName     : clock

sAMAccountName     : BBBLdapVpn

sAMAccountName     : infraaml

sAMAccountName     : dlimsadmin1

sAMAccountName     : dlimsadmin2

sAMAccountName     : naclocaladmin

sAMAccountName     : OA_MASTER_DOM$

sAMAccountName     : DefaultAccount

sAMAccountName     : krbtgt

sAMAccountName     : BBBGuest

sAMAccountName     : 28FCFC45-9295-419C-A

sAMAccountName     : 5F204AD8-5940-4E25-B

sAMAccountName     : 2FEE9EBC-6C2F-460C-9

sAMAccountName     : 8DEE82E1-DC28-4171-9

